173.236.184.128 - - [04/Jun/2023:00:05:21 -0300] "POST /wp-login.php HTTP/1.1" 200 8357 "-" "Mozilla/5.0 (Windows NT 6.1; Win64; x64) AppleWebKit/537.36 (KHTML, like Gecko) Chrome/79.0.3945.117 Safari/537.36" 53942
113.108.9.38 - - [04/Jun/2023:00:06:07 -0300] "GET / HTTP/1.1" 200 38196 "-" "Mozilla/5.0 (iPhone; CPU iPhone OS 13_2_3 like Mac OS X) AppleWebKit/605.1.15 (KHTML, like Gecko) Version/13.0.3 Mobile/15E148 Safari/604.1" 55372
51.91.212.100 - - [04/Jun/2023:00:09:18 -0300] "POST /xmlrpc.php HTTP/1.1" 200 407 "-" "Mozilla/5.0 (Windows NT 10.0; Win64; x64; rv:96.0) Gecko/20100101 Firefox/96" 47878
74.208.41.95 - - [04/Jun/2023:00:16:16 -0300] "POST /xmlrpc.php HTTP/1.1" 200 407 "-" "Mozilla/5.0 (Windows NT 10.0; Win64; x64; rv:96.0) Gecko/20100101 Firefox/96" 40794
52.167.144.56 - - [04/Jun/2023:00:16:48 -0300] "GET /robots.txt HTTP/1.1" 200 120 "-" "Mozilla/5.0 AppleWebKit/537.36 (KHTML, like Gecko; compatible; bingbot/2.0; +http://www.bing.com/bingbot.htm) Chrome/103.0.5060.134 Safari/537.36"
40.77.167.188 - - [04/Jun/2023:00:17:22 -0300] "GET / HTTP/1.1" 200 38318 "-" "Mozilla/5.0 AppleWebKit/537.36 (KHTML, like Gecko; compatible; bingbot/2.0; +http://www.bing.com/bingbot.htm) Chrome/103.0.5060.134 Safari/537.36"
186.202.153.80 - - [04/Jun/2023:00:23:33 -0300] "POST /wp-cron.php?doing_wp_cron=1685849013.8722639083862304687500 HTTP/1.1" 200 - "http://estudiovertebra.com/wp-cron.php?doing_wp_cron=1685849013.8722639083862304687500" "WordPress/5.8.7; http://estudiovertebra.com" 41549
157.245.152.50 - - [04/Jun/2023:00:23:33 -0300] "POST /wp-login.php HTTP/1.1" 200 8357 "-" "Mozilla/5.0 (Windows NT 5.1) AppleWebKit/537.36 (KHTML, like Gecko) Chrome/47.0.2526.106 Safari/537.36" 39200
159.89.172.158 - - [04/Jun/2023:00:25:41 -0300] "POST /xmlrpc.php HTTP/1.1" 200 407 "-" "Mozilla/5.0 (Windows NT 10.0; Win64; x64; rv:96.0) Gecko/20100101 Firefox/96" 40880
148.72.245.234 - - [04/Jun/2023:00:32:32 -0300] "POST /xmlrpc.php HTTP/1.1" 200 407 "-" "Mozilla/5.0 (Windows NT 10.0; Win64; x64; rv:96.0) Gecko/20100101 Firefox/96" 37758
101.0.91.26 - - [04/Jun/2023:00:41:42 -0300] "POST /xmlrpc.php HTTP/1.1" 200 407 "-" "Mozilla/5.0 (Windows NT 10.0; Win64; x64; rv:96.0) Gecko/20100101 Firefox/96" 58188
45.77.42.214 - - [04/Jun/2023:00:48:49 -0300] "POST /xmlrpc.php HTTP/1.1" 200 407 "-" "Mozilla/5.0 (Windows NT 10.0; Win64; x64; rv:96.0) Gecko/20100101 Firefox/96" 35298
157.230.15.115 - - [04/Jun/2023:00:49:36 -0300] "POST /wp-login.php HTTP/1.1" 200 8361 "-" "Mozilla/5.0 (Windows NT 10.0; Win64; x64) AppleWebKit/537.36 (KHTML, like Gecko) Chrome/64.0.3282.140 Safari/537.36" 13628
67.205.10.234 - - [04/Jun/2023:00:50:26 -0300] "POST /wp-login.php HTTP/1.1" 200 8353 "-" "Mozilla/5.0 (Windows NT 6.1; Win64; x64) AppleWebKit/537.36 (KHTML, like Gecko) Chrome/67.0.3396.87 Safari/537.36" 58322
178.162.204.214 - - [04/Jun/2023:00:53:30 -0300] "POST /xmlrpc.php HTTP/1.1" 200 409 "-" "Mozilla/5.0 (Windows NT 10.0; Win64; x64) AppleWebKit/537.36 (KHTML, like Gecko) Chrome/100.0.4896.127 Safari/537.36"
34.65.234.0 - - [04/Jun/2023:00:57:26 -0300] "POST /wp-login.php HTTP/1.1" 200 8357 "-" "Mozilla/5.0 (Windows NT 6.1) AppleWebKit/537.36 (KHTML, like Gecko) Chrome/62.0.3202.94 Safari/537.36" 50786
111.90.150.171 - - [04/Jun/2023:00:58:24 -0300] "POST /xmlrpc.php HTTP/1.1" 200 407 "-" "Mozilla/5.0 (Windows NT 10.0; Win64; x64; rv:96.0) Gecko/20100101 Firefox/96" 49848
103.47.185.185 - - [04/Jun/2023:01:05:40 -0300] "POST /xmlrpc.php HTTP/1.1" 200 407 "-" "Mozilla/5.0 (Windows NT 10.0; Win64; x64; rv:96.0) Gecko/20100101 Firefox/96" 57620
142.4.203.20 - - [04/Jun/2023:01:15:29 -0300] "POST /xmlrpc.php HTTP/1.1" 200 407 "-" "Mozilla/5.0 (Windows NT 10.0; Win64; x64; rv:96.0) Gecko/20100101 Firefox/96" 58374
186.202.153.80 - - [04/Jun/2023:01:22:16 -0300] "POST /wp-cron.php?doing_wp_cron=1685852536.7392210960388183593750 HTTP/1.1" 200 - "http://estudiovertebra.com/wp-cron.php?doing_wp_cron=1685852536.7392210960388183593750" "WordPress/5.8.7; http://estudiovertebra.com" 56290
40.77.167.181 - - [04/Jun/2023:01:22:15 -0300] "GET /robots.txt HTTP/1.1" 200 119 "-" "Mozilla/5.0 AppleWebKit/537.36 (KHTML, like Gecko; compatible; bingbot/2.0; +http://www.bing.com/bingbot.htm) Chrome/103.0.5060.134 Safari/537.36" 51584
52.167.144.139 - - [04/Jun/2023:01:22:21 -0300] "GET /wp-content/uploads/2022/02/obl-antigas-1024x512.png HTTP/1.1" 200 475915 "-" "Mozilla/5.0 AppleWebKit/537.36 (KHTML, like Gecko; compatible; bingbot/2.0; +http://www.bing.com/bingbot.htm) Chrome/103.0.5060.134 Safari/537.36" 21056
190.96.76.26 - - [04/Jun/2023:01:23:12 -0300] "POST /xmlrpc.php HTTP/1.1" 200 407 "-" "Mozilla/5.0 (Windows NT 10.0; Win64; x64; rv:96.0) Gecko/20100101 Firefox/96" 45824
192.241.135.47 - - [04/Jun/2023:01:29:08 -0300] "GET /wp-login.php HTTP/1.1" 200 7949 "" "Mozilla/5.0 (Windows NT 10.0; Win64; x64; rv:109.0) Gecko/20100101 Firefox/113.0" 57076
192.241.135.47 - - [04/Jun/2023:01:29:12 -0300] "GET /wp-json/wp/v2/users HTTP/1.1" 200 1161 "" "Mozilla/5.0 (Windows NT 10.0; Win64; x64; rv:109.0) Gecko/20100101 Firefox/113.0" 47712
192.241.135.47 - - [04/Jun/2023:01:29:15 -0300] "POST /wp-login.php HTTP/1.1" 200 8353 "http://estudiovertebra.com/wp-login.php?redirect_to=http%3A%2F%2Festudiovertebra.com%2Fwp-admin%2F" "Mozilla/5.0 (Windows NT 10.0; Win64; x64; rv:109.0) Gecko/20100101 Firefox/113.0" 47724
192.241.135.47 - - [04/Jun/2023:01:29:16 -0300] "POST /wp-login.php HTTP/1.1" 200 8348 "http://estudiovertebra.com/wp-login.php?redirect_to=http%3A%2F%2Festudiovertebra.com%2Fwp-admin%2F" "Mozilla/5.0 (Windows NT 10.0; Win64; x64; rv:109.0) Gecko/20100101 Firefox/113.0" 47736
192.241.135.47 - - [04/Jun/2023:01:29:19 -0300] "POST /wp-login.php HTTP/1.1" 200 8339 "http://estudiovertebra.com/wp-login.php?redirect_to=http%3A%2F%2Festudiovertebra.com%2Fwp-admin%2F" "Mozilla/5.0 (Windows NT 10.0; Win64; x64; rv:109.0) Gecko/20100101 Firefox/113.0" 47748
157.55.39.209 - - [04/Jun/2023:01:33:31 -0300] "GET /wp-content/uploads/2022/12/miniatura-principia-768x700.png HTTP/1.1" 200 511505 "-" "Mozilla/5.0 AppleWebKit/537.36 (KHTML, like Gecko; compatible; bingbot/2.0; +http://www.bing.com/bingbot.htm) Chrome/103.0.5060.134 Safari/537.36" 40704
92.204.139.118 - - [04/Jun/2023:01:39:28 -0300] "POST /xmlrpc.php HTTP/1.1" 200 407 "-" "Mozilla/5.0 (Windows NT 10.0; Win64; x64; rv:96.0) Gecko/20100101 Firefox/96" 60674
23.21.143.88 - - [04/Jun/2023:01:41:08 -0300] "POST /wp-login.php HTTP/1.1" 200 8361 "-" "Mozilla/5.0 (Windows NT 6.3; Win64; x64) AppleWebKit/537.36 (KHTML, like Gecko) Chrome/79.0.3945.130 Safari/537.36" 52228
49.232.145.205 - - [04/Jun/2023:01:42:02 -0300] "POST /wp-login.php HTTP/1.1" 200 8353 "-" "Mozilla/5.0 (Windows NT 6.1) AppleWebKit/537.36 (KHTML, like Gecko) Chrome/70.0.3538.77 Safari/537.36" 52956
213.152.161.229 - - [04/Jun/2023:01:42:41 -0300] "POST /xmlrpc.php HTTP/1.1" 200 409 "-" "Mozilla/5.0 (Windows NT 10.0; Win64; x64) AppleWebKit/537.36 (KHTML, like Gecko) Chrome/100.0.4896.127 Safari/537.36"
45.120.69.121 - - [04/Jun/2023:01:48:48 -0300] "POST /wp-login.php HTTP/1.1" 200 8357 "-" "Mozilla/5.0 (Windows NT 6.3; Win64; x64) AppleWebKit/537.36 (KHTML, like Gecko) Chrome/65.0.3325.181 Safari/537.36" 40658
110.39.55.29 - - [04/Jun/2023:01:52:52 -0300] "POST /xmlrpc.php HTTP/1.1" 200 407 "-" "Mozilla/5.0 (Windows NT 10.0; Win64; x64; rv:96.0) Gecko/20100101 Firefox/96" 55904
192.145.126.115 - - [04/Jun/2023:01:54:14 -0300] "POST /xmlrpc.php HTTP/1.1" 200 409 "-" "Mozilla/5.0 (Windows NT 10.0; Win64; x64) AppleWebKit/537.36 (KHTML, like Gecko) Chrome/100.0.4896.127 Safari/537.36" 51234
185.156.174.115 - - [04/Jun/2023:01:54:46 -0300] "POST /xmlrpc.php HTTP/1.1" 200 409 "-" "Mozilla/5.0 (Windows NT 10.0; Win64; x64) AppleWebKit/537.36 (KHTML, like Gecko) Chrome/100.0.4896.127 Safari/537.36"
103.154.185.167 - - [04/Jun/2023:01:59:22 -0300] "POST /xmlrpc.php HTTP/1.1" 200 407 "-" "Mozilla/5.0 (Windows NT 10.0; Win64; x64; rv:96.0) Gecko/20100101 Firefox/96" 54268
164.90.170.31 - - [04/Jun/2023:02:05:58 -0300] "POST /wp-login.php HTTP/1.1" 200 8357 "-" "Mozilla/5.0 (Windows NT 6.1) AppleWebKit/537.36 (KHTML, like Gecko) Chrome/62.0.3202.94 Safari/537.36" 33594
37.46.135.126 - - [04/Jun/2023:02:09:38 -0300] "GET /?author=21 HTTP/1.1" 404 23956 "-" "Mozilla/5.0 (Windows NT 10.0) AppleWebKit/537.36 (KHTML, like Gecko) Chrome/72.0.3626.121 Safari/537.36" 43284
37.46.135.126 - - [04/Jun/2023:02:09:39 -0300] "GET /?author=21 HTTP/1.1" 404 23956 "-" "Mozilla/5.0 (Windows NT 10.0) AppleWebKit/537.36 (KHTML, like Gecko) Chrome/72.0.3626.121 Safari/537.36" 43396
37.46.135.126 - - [04/Jun/2023:02:09:41 -0300] "GET /?author=22 HTTP/1.1" 404 23956 "-" "Mozilla/5.0 (Windows NT 10.0) AppleWebKit/537.36 (KHTML, like Gecko) Chrome/72.0.3626.121 Safari/537.36" 43510
37.46.135.126 - - [04/Jun/2023:02:09:41 -0300] "GET /?author=23 HTTP/1.1" 404 23956 "-" "Mozilla/5.0 (Windows NT 10.0) AppleWebKit/537.36 (KHTML, like Gecko) Chrome/72.0.3626.121 Safari/537.36" 43592
37.46.135.126 - - [04/Jun/2023:02:09:42 -0300] "GET /?author=24 HTTP/1.1" 404 23956 "-" "Mozilla/5.0 (Windows NT 10.0) AppleWebKit/537.36 (KHTML, like Gecko) Chrome/72.0.3626.121 Safari/537.36" 43668
37.46.135.126 - - [04/Jun/2023:02:09:44 -0300] "GET /?author=25 HTTP/1.1" 404 23956 "-" "Mozilla/5.0 (Windows NT 10.0) AppleWebKit/537.36 (KHTML, like Gecko) Chrome/72.0.3626.121 Safari/537.36" 43804
37.46.135.126 - - [04/Jun/2023:02:09:45 -0300] "GET /?author=26 HTTP/1.1" 404 23956 "-" "Mozilla/5.0 (Windows NT 10.0) AppleWebKit/537.36 (KHTML, like Gecko) Chrome/72.0.3626.121 Safari/537.36" 43926
37.46.135.126 - - [04/Jun/2023:02:09:46 -0300] "GET /?author=27 HTTP/1.1" 404 23956 "-" "Mozilla/5.0 (Windows NT 10.0) AppleWebKit/537.36 (KHTML, like Gecko) Chrome/72.0.3626.121 Safari/537.36" 44026
37.46.135.126 - - [04/Jun/2023:02:09:47 -0300] "GET /?author=28 HTTP/1.1" 404 23956 "-" "Mozilla/5.0 (Windows NT 10.0) AppleWebKit/537.36 (KHTML, like Gecko) Chrome/72.0.3626.121 Safari/537.36" 44086
37.46.135.126 - - [04/Jun/2023:02:09:48 -0300] "GET /?author=29 HTTP/1.1" 404 23956 "-" "Mozilla/5.0 (Windows NT 10.0) AppleWebKit/537.36 (KHTML, like Gecko) Chrome/72.0.3626.121 Safari/537.36" 44186
37.46.135.126 - - [04/Jun/2023:02:09:49 -0300] "GET /?author=30 HTTP/1.1" 404 23956 "-" "Mozilla/5.0 (Windows NT 10.0) AppleWebKit/537.36 (KHTML, like Gecko) Chrome/72.0.3626.121 Safari/537.36" 44266
199.85.208.215 - - [04/Jun/2023:02:09:59 -0300] "GET /?author=41 HTTP/1.1" 404 23956 "-" "Mozilla/5.0 (Windows NT 6.1; WOW64; rv:40.0) Gecko/20100101 Firefox/40.1" 56124
199.85.208.215 - - [04/Jun/2023:02:09:59 -0300] "GET /?author=41 HTTP/1.1" 404 23956 "-" "Mozilla/5.0 (Windows NT 6.1; WOW64; rv:40.0) Gecko/20100101 Firefox/40.1" 56166
199.85.208.215 - - [04/Jun/2023:02:10:00 -0300] "GET /?author=42 HTTP/1.1" 404 23956 "-" "Mozilla/5.0 (Windows NT 6.1; WOW64; rv:40.0) Gecko/20100101 Firefox/40.1" 56234
199.85.208.215 - - [04/Jun/2023:02:10:01 -0300] "GET /?author=43 HTTP/1.1" 404 23956 "-" "Mozilla/5.0 (Windows NT 6.1; WOW64; rv:40.0) Gecko/20100101 Firefox/40.1" 56306
199.85.208.215 - - [04/Jun/2023:02:10:02 -0300] "GET /?author=44 HTTP/1.1" 404 23956 "-" "Mozilla/5.0 (Windows NT 6.1; WOW64; rv:40.0) Gecko/20100101 Firefox/40.1" 56360
199.85.208.215 - - [04/Jun/2023:02:10:03 -0300] "GET /?author=45 HTTP/1.1" 404 23956 "-" "Mozilla/5.0 (Windows NT 6.1; WOW64; rv:40.0) Gecko/20100101 Firefox/40.1" 56420
199.85.208.215 - - [04/Jun/2023:02:10:04 -0300] "GET /?author=46 HTTP/1.1" 404 23956 "-" "Mozilla/5.0 (Windows NT 6.1; WOW64; rv:40.0) Gecko/20100101 Firefox/40.1" 56482
199.85.208.215 - - [04/Jun/2023:02:10:04 -0300] "GET /?author=47 HTTP/1.1" 404 23956 "-" "Mozilla/5.0 (Windows NT 6.1; WOW64; rv:40.0) Gecko/20100101 Firefox/40.1" 56538
199.85.208.215 - - [04/Jun/2023:02:10:05 -0300] "GET /?author=48 HTTP/1.1" 404 23956 "-" "Mozilla/5.0 (Windows NT 6.1; WOW64; rv:40.0) Gecko/20100101 Firefox/40.1" 56584
199.85.208.215 - - [04/Jun/2023:02:10:06 -0300] "GET /?author=49 HTTP/1.1" 404 23956 "-" "Mozilla/5.0 (Windows NT 6.1; WOW64; rv:40.0) Gecko/20100101 Firefox/40.1" 56644
199.85.208.215 - - [04/Jun/2023:02:10:07 -0300] "GET /?author=50 HTTP/1.1" 404 23956 "-" "Mozilla/5.0 (Windows NT 6.1; WOW64; rv:40.0) Gecko/20100101 Firefox/40.1" 56684
212.113.218.26 - - [04/Jun/2023:02:10:33 -0300] "GET /?author=1 HTTP/1.1" 301 - "-" "Mozilla/5.0 (Windows NT 6.1; Win64; x64; rv:61.0) Gecko/20100101 Firefox/61.0" 44668
212.113.218.26 - - [04/Jun/2023:02:10:34 -0300] "GET /?author=1 HTTP/1.1" 301 - "-" "Mozilla/5.0 (Windows NT 6.1; Win64; x64; rv:61.0) Gecko/20100101 Firefox/61.0" 44676
212.113.218.26 - - [04/Jun/2023:02:10:35 -0300] "GET /?author=2 HTTP/1.1" 301 - "-" "Mozilla/5.0 (Windows NT 6.1; Win64; x64; rv:61.0) Gecko/20100101 Firefox/61.0" 44688
185.21.40.38 - - [04/Jun/2023:02:10:36 -0300] "GET /?author=11 HTTP/1.1" 404 23956 "-" "Mozilla/5.0 (Windows NT 10.0; Win64; x64) AppleWebKit/537.36 (KHTML, like Gecko) Chrome/80.0.3987.149 Safari/537.36" 46652
212.113.218.26 - - [04/Jun/2023:02:10:36 -0300] "GET /?author=3 HTTP/1.1" 404 23956 "-" "Mozilla/5.0 (Windows NT 6.1; Win64; x64; rv:61.0) Gecko/20100101 Firefox/61.0" 44706
185.21.40.38 - - [04/Jun/2023:02:10:37 -0300] "GET /?author=11 HTTP/1.1" 404 23956 "-" "Mozilla/5.0 (Windows NT 10.0; Win64; x64) AppleWebKit/537.36 (KHTML, like Gecko) Chrome/80.0.3987.149 Safari/537.36" 46692
212.113.218.26 - - [04/Jun/2023:02:10:37 -0300] "GET /?author=4 HTTP/1.1" 404 23956 "-" "Mozilla/5.0 (Windows NT 6.1; Win64; x64; rv:61.0) Gecko/20100101 Firefox/61.0" 44720
212.113.218.26 - - [04/Jun/2023:02:10:38 -0300] "GET /?author=5 HTTP/1.1" 404 23956 "-" "Mozilla/5.0 (Windows NT 6.1; Win64; x64; rv:61.0) Gecko/20100101 Firefox/61.0" 44734
185.21.40.38 - - [04/Jun/2023:02:10:38 -0300] "GET /?author=12 HTTP/1.1" 404 23956 "-" "Mozilla/5.0 (Windows NT 10.0; Win64; x64) AppleWebKit/537.36 (KHTML, like Gecko) Chrome/80.0.3987.149 Safari/537.36" 46730
185.21.40.38 - - [04/Jun/2023:02:10:40 -0300] "GET /?author=13 HTTP/1.1" 404 23956 "-" "Mozilla/5.0 (Windows NT 10.0; Win64; x64) AppleWebKit/537.36 (KHTML, like Gecko) Chrome/80.0.3987.149 Safari/537.36" 46788
212.113.218.26 - - [04/Jun/2023:02:10:40 -0300] "GET /?author=6 HTTP/1.1" 404 23956 "-" "Mozilla/5.0 (Windows NT 6.1; Win64; x64; rv:61.0) Gecko/20100101 Firefox/61.0" 44756
212.113.218.26 - - [04/Jun/2023:02:10:41 -0300] "GET /?author=7 HTTP/1.1" 404 23956 "-" "Mozilla/5.0 (Windows NT 6.1; Win64; x64; rv:61.0) Gecko/20100101 Firefox/61.0" 44768
185.21.40.38 - - [04/Jun/2023:02:10:41 -0300] "GET /?author=14 HTTP/1.1" 404 23956 "-" "Mozilla/5.0 (Windows NT 10.0; Win64; x64) AppleWebKit/537.36 (KHTML, like Gecko) Chrome/80.0.3987.149 Safari/537.36" 46824
1.15.141.154 - - [04/Jun/2023:02:10:41 -0300] "GET /?author=51 HTTP/1.1" 404 23956 "-" "Mozilla/5.0 (Windows NT 10.0; Win64; x64) AppleWebKit/537.36 (KHTML, like Gecko) Chrome/90.0.4430.212 Safari/537.36" 40310
185.21.40.38 - - [04/Jun/2023:02:10:42 -0300] "GET /?author=15 HTTP/1.1" 404 23956 "-" "Mozilla/5.0 (Windows NT 10.0; Win64; x64) AppleWebKit/537.36 (KHTML, like Gecko) Chrome/80.0.3987.149 Safari/537.36" 46864
212.113.218.26 - - [04/Jun/2023:02:10:42 -0300] "GET /?author=8 HTTP/1.1" 404 23956 "-" "Mozilla/5.0 (Windows NT 6.1; Win64; x64; rv:61.0) Gecko/20100101 Firefox/61.0" 44784
1.15.141.154 - - [04/Jun/2023:02:10:42 -0300] "GET /?author=51 HTTP/1.1" 404 23956 "-" "Mozilla/5.0 (Windows NT 10.0; Win64; x64) AppleWebKit/537.36 (KHTML, like Gecko) Chrome/90.0.4430.212 Safari/537.36" 40798
185.21.40.38 - - [04/Jun/2023:02:10:43 -0300] "GET /?author=16 HTTP/1.1" 404 23956 "-" "Mozilla/5.0 (Windows NT 10.0; Win64; x64) AppleWebKit/537.36 (KHTML, like Gecko) Chrome/80.0.3987.149 Safari/537.36" 46904
212.113.218.26 - - [04/Jun/2023:02:10:43 -0300] "GET /?author=9 HTTP/1.1" 404 23956 "-" "Mozilla/5.0 (Windows NT 6.1; Win64; x64; rv:61.0) Gecko/20100101 Firefox/61.0" 44796
1.15.141.154 - - [04/Jun/2023:02:10:43 -0300] "GET /?author=52 HTTP/1.1" 404 23956 "-" "Mozilla/5.0 (Windows NT 10.0; Win64; x64) AppleWebKit/537.36 (KHTML, like Gecko) Chrome/90.0.4430.212 Safari/537.36" 41158
185.21.40.38 - - [04/Jun/2023:02:10:44 -0300] "GET /?author=17 HTTP/1.1" 404 23956 "-" "Mozilla/5.0 (Windows NT 10.0; Win64; x64) AppleWebKit/537.36 (KHTML, like Gecko) Chrome/80.0.3987.149 Safari/537.36" 46930
212.113.218.26 - - [04/Jun/2023:02:10:44 -0300] "GET /?author=10 HTTP/1.1" 404 23956 "-" "Mozilla/5.0 (Windows NT 6.1; Win64; x64; rv:61.0) Gecko/20100101 Firefox/61.0" 44806
185.107.113.17 - - [04/Jun/2023:02:10:44 -0300] "GET /?author=61 HTTP/1.1" 404 23956 "-" "Mozilla/5.0 (Windows NT 10.0; WOW64) AppleWebKit/537.36 (KHTML, like Gecko) Chrome/72.0.3626.121 Safari/537.36" 46272
1.15.141.154 - - [04/Jun/2023:02:10:44 -0300] "GET /?author=53 HTTP/1.1" 404 23956 "-" "Mozilla/5.0 (Windows NT 10.0; Win64; x64) AppleWebKit/537.36 (KHTML, like Gecko) Chrome/90.0.4430.212 Safari/537.36" 41450
185.21.40.38 - - [04/Jun/2023:02:10:45 -0300] "GET /?author=18 HTTP/1.1" 404 23956 "-" "Mozilla/5.0 (Windows NT 10.0; Win64; x64) AppleWebKit/537.36 (KHTML, like Gecko) Chrome/80.0.3987.149 Safari/537.36" 46958
185.107.113.17 - - [04/Jun/2023:02:10:45 -0300] "GET /?author=61 HTTP/1.1" 404 23956 "-" "Mozilla/5.0 (Windows NT 10.0; WOW64) AppleWebKit/537.36 (KHTML, like Gecko) Chrome/72.0.3626.121 Safari/537.36" 46346
1.15.141.154 - - [04/Jun/2023:02:10:45 -0300] "GET /?author=54 HTTP/1.1" 404 23956 "-" "Mozilla/5.0 (Windows NT 10.0; Win64; x64) AppleWebKit/537.36 (KHTML, like Gecko) Chrome/90.0.4430.212 Safari/537.36" 41770
185.21.40.38 - - [04/Jun/2023:02:10:45 -0300] "GET /?author=19 HTTP/1.1" 404 23956 "-" "Mozilla/5.0 (Windows NT 10.0; Win64; x64) AppleWebKit/537.36 (KHTML, like Gecko) Chrome/80.0.3987.149 Safari/537.36" 46984
185.107.113.17 - - [04/Jun/2023:02:10:46 -0300] "GET /?author=62 HTTP/1.1" 404 23956 "-" "Mozilla/5.0 (Windows NT 10.0; WOW64) AppleWebKit/537.36 (KHTML, like Gecko) Chrome/72.0.3626.121 Safari/537.36" 46420
185.21.40.38 - - [04/Jun/2023:02:10:47 -0300] "GET /?author=20 HTTP/1.1" 404 23956 "-" "Mozilla/5.0 (Windows NT 10.0; Win64; x64) AppleWebKit/537.36 (KHTML, like Gecko) Chrome/80.0.3987.149 Safari/537.36" 47016
1.15.141.154 - - [04/Jun/2023:02:10:47 -0300] "GET /?author=55 HTTP/1.1" 404 23956 "-" "Mozilla/5.0 (Windows NT 10.0; Win64; x64) AppleWebKit/537.36 (KHTML, like Gecko) Chrome/90.0.4430.212 Safari/537.36" 42044
185.107.113.17 - - [04/Jun/2023:02:10:47 -0300] "GET /?author=63 HTTP/1.1" 404 23956 "-" "Mozilla/5.0 (Windows NT 10.0; WOW64) AppleWebKit/537.36 (KHTML, like Gecko) Chrome/72.0.3626.121 Safari/537.36" 46490
1.15.141.154 - - [04/Jun/2023:02:10:48 -0300] "GET /?author=56 HTTP/1.1" 404 23956 "-" "Mozilla/5.0 (Windows NT 10.0; Win64; x64) AppleWebKit/537.36 (KHTML, like Gecko) Chrome/90.0.4430.212 Safari/537.36" 42338
185.107.113.17 - - [04/Jun/2023:02:10:48 -0300] "GET /?author=64 HTTP/1.1" 404 23956 "-" "Mozilla/5.0 (Windows NT 10.0; WOW64) AppleWebKit/537.36 (KHTML, like Gecko) Chrome/72.0.3626.121 Safari/537.36" 46554
185.107.113.17 - - [04/Jun/2023:02:10:49 -0300] "GET /?author=65 HTTP/1.1" 404 23956 "-" "Mozilla/5.0 (Windows NT 10.0; WOW64) AppleWebKit/537.36 (KHTML, like Gecko) Chrome/72.0.3626.121 Safari/537.36" 46614
1.15.141.154 - - [04/Jun/2023:02:10:49 -0300] "GET /?author=57 HTTP/1.1" 404 23956 "-" "Mozilla/5.0 (Windows NT 10.0; Win64; x64) AppleWebKit/537.36 (KHTML, like Gecko) Chrome/90.0.4430.212 Safari/537.36" 42636
185.107.113.17 - - [04/Jun/2023:02:10:50 -0300] "GET /?author=66 HTTP/1.1" 404 23956 "-" "Mozilla/5.0 (Windows NT 10.0; WOW64) AppleWebKit/537.36 (KHTML, like Gecko) Chrome/72.0.3626.121 Safari/537.36" 46680
1.15.141.154 - - [04/Jun/2023:02:10:50 -0300] "GET /?author=58 HTTP/1.1" 404 23956 "-" "Mozilla/5.0 (Windows NT 10.0; Win64; x64) AppleWebKit/537.36 (KHTML, like Gecko) Chrome/90.0.4430.212 Safari/537.36" 42920
185.107.113.17 - - [04/Jun/2023:02:10:51 -0300] "GET /?author=67 HTTP/1.1" 404 23956 "-" "Mozilla/5.0 (Windows NT 10.0; WOW64) AppleWebKit/537.36 (KHTML, like Gecko) Chrome/72.0.3626.121 Safari/537.36" 46742
1.15.141.154 - - [04/Jun/2023:02:10:51 -0300] "GET /?author=59 HTTP/1.1" 404 23956 "-" "Mozilla/5.0 (Windows NT 10.0; Win64; x64) AppleWebKit/537.36 (KHTML, like Gecko) Chrome/90.0.4430.212 Safari/537.36" 43196
185.107.113.17 - - [04/Jun/2023:02:10:52 -0300] "GET /?author=68 HTTP/1.1" 404 23956 "-" "Mozilla/5.0 (Windows NT 10.0; WOW64) AppleWebKit/537.36 (KHTML, like Gecko) Chrome/72.0.3626.121 Safari/537.36" 46832
1.15.141.154 - - [04/Jun/2023:02:10:52 -0300] "GET /?author=60 HTTP/1.1" 404 23956 "-" "Mozilla/5.0 (Windows NT 10.0; Win64; x64) AppleWebKit/537.36 (KHTML, like Gecko) Chrome/90.0.4430.212 Safari/537.36" 43490
185.107.113.17 - - [04/Jun/2023:02:10:52 -0300] "GET /?author=69 HTTP/1.1" 404 23956 "-" "Mozilla/5.0 (Windows NT 10.0; WOW64) AppleWebKit/537.36 (KHTML, like Gecko) Chrome/72.0.3626.121 Safari/537.36" 46922
20.107.178.158 - - [04/Jun/2023:02:10:53 -0300] "POST /xmlrpc.php HTTP/1.1" 200 407 "-" "Mozilla/5.0 (Windows NT 10.0; Win64; x64; rv:96.0) Gecko/20100101 Firefox/96" 34562
185.107.113.17 - - [04/Jun/2023:02:10:53 -0300] "GET /?author=70 HTTP/1.1" 404 23956 "-" "Mozilla/5.0 (Windows NT 10.0; WOW64) AppleWebKit/537.36 (KHTML, like Gecko) Chrome/72.0.3626.121 Safari/537.36" 46968
104.131.42.167 - - [04/Jun/2023:02:11:11 -0300] "GET /?author=81 HTTP/1.1" 404 23956 "-" "Mozilla/5.0 (Windows NT 10.0; Win64; x64) AppleWebKit/537.36 (KHTML, like Gecko) Chrome/74.0.3729.131 Safari/537.36" 41712
104.131.42.167 - - [04/Jun/2023:02:11:11 -0300] "GET /?author=81 HTTP/1.1" 404 23956 "-" "Mozilla/5.0 (Windows NT 10.0; Win64; x64) AppleWebKit/537.36 (KHTML, like Gecko) Chrome/74.0.3729.131 Safari/537.36" 41716
104.131.42.167 - - [04/Jun/2023:02:11:12 -0300] "GET /?author=82 HTTP/1.1" 404 23956 "-" "Mozilla/5.0 (Windows NT 10.0; Win64; x64) AppleWebKit/537.36 (KHTML, like Gecko) Chrome/74.0.3729.131 Safari/537.36" 41724
104.131.42.167 - - [04/Jun/2023:02:11:14 -0300] "GET /?author=83 HTTP/1.1" 404 23956 "-" "Mozilla/5.0 (Windows NT 10.0; Win64; x64) AppleWebKit/537.36 (KHTML, like Gecko) Chrome/74.0.3729.131 Safari/537.36" 41740
104.131.42.167 - - [04/Jun/2023:02:11:15 -0300] "GET /?author=84 HTTP/1.1" 404 23956 "-" "Mozilla/5.0 (Windows NT 10.0; Win64; x64) AppleWebKit/537.36 (KHTML, like Gecko) Chrome/74.0.3729.131 Safari/537.36" 41746
104.131.42.167 - - [04/Jun/2023:02:11:16 -0300] "GET /?author=85 HTTP/1.1" 404 23956 "-" "Mozilla/5.0 (Windows NT 10.0; Win64; x64) AppleWebKit/537.36 (KHTML, like Gecko) Chrome/74.0.3729.131 Safari/537.36" 41762
104.131.42.167 - - [04/Jun/2023:02:11:16 -0300] "GET /?author=86 HTTP/1.1" 404 23956 "-" "Mozilla/5.0 (Windows NT 10.0; Win64; x64) AppleWebKit/537.36 (KHTML, like Gecko) Chrome/74.0.3729.131 Safari/537.36" 41766
104.131.42.167 - - [04/Jun/2023:02:11:17 -0300] "GET /?author=87 HTTP/1.1" 404 23956 "-" "Mozilla/5.0 (Windows NT 10.0; Win64; x64) AppleWebKit/537.36 (KHTML, like Gecko) Chrome/74.0.3729.131 Safari/537.36" 41768
104.131.42.167 - - [04/Jun/2023:02:11:18 -0300] "GET /?author=88 HTTP/1.1" 404 23956 "-" "Mozilla/5.0 (Windows NT 10.0; Win64; x64) AppleWebKit/537.36 (KHTML, like Gecko) Chrome/74.0.3729.131 Safari/537.36" 41776
104.131.42.167 - - [04/Jun/2023:02:11:19 -0300] "GET /?author=89 HTTP/1.1" 404 23956 "-" "Mozilla/5.0 (Windows NT 10.0; Win64; x64) AppleWebKit/537.36 (KHTML, like Gecko) Chrome/74.0.3729.131 Safari/537.36" 41786
104.131.42.167 - - [04/Jun/2023:02:11:19 -0300] "GET /?author=90 HTTP/1.1" 404 23956 "-" "Mozilla/5.0 (Windows NT 10.0; Win64; x64) AppleWebKit/537.36 (KHTML, like Gecko) Chrome/74.0.3729.131 Safari/537.36" 41790
161.35.227.188 - - [04/Jun/2023:02:11:22 -0300] "GET /?author=91 HTTP/1.1" 404 23956 "-" "Mozilla/5.0 (Windows NT 6.1; WOW64; rv:44.0) Gecko/20100101 Firefox/44.0" 48222
161.35.227.188 - - [04/Jun/2023:02:11:23 -0300] "GET /?author=91 HTTP/1.1" 404 23956 "-" "Mozilla/5.0 (Windows NT 6.1; WOW64; rv:44.0) Gecko/20100101 Firefox/44.0" 48230
161.35.227.188 - - [04/Jun/2023:02:11:24 -0300] "GET /?author=92 HTTP/1.1" 404 23956 "-" "Mozilla/5.0 (Windows NT 6.1; WOW64; rv:44.0) Gecko/20100101 Firefox/44.0" 48246
161.35.227.188 - - [04/Jun/2023:02:11:25 -0300] "GET /?author=93 HTTP/1.1" 404 23956 "-" "Mozilla/5.0 (Windows NT 6.1; WOW64; rv:44.0) Gecko/20100101 Firefox/44.0" 48258
83.170.125.86 - - [04/Jun/2023:02:11:29 -0300] "GET /?author=101 HTTP/1.1" 404 23956 "-" "Mozilla/5.0 (Windows NT 10.0; Win64; x64; rv:60.0) Gecko/20100101 Firefox/60.0" 46190
83.170.125.86 - - [04/Jun/2023:02:11:30 -0300] "GET /?author=101 HTTP/1.1" 404 23956 "-" "Mozilla/5.0 (Windows NT 10.0; Win64; x64; rv:60.0) Gecko/20100101 Firefox/60.0" 46198
161.35.227.188 - - [04/Jun/2023:02:11:26 -0300] "GET /?author=94 HTTP/1.1" 404 23956 "-" "Mozilla/5.0 (Windows NT 6.1; WOW64; rv:44.0) Gecko/20100101 Firefox/44.0" 48274
161.35.227.188 - - [04/Jun/2023:02:11:32 -0300] "GET /?author=95 HTTP/1.1" 404 23956 "-" "Mozilla/5.0 (Windows NT 6.1; WOW64; rv:44.0) Gecko/20100101 Firefox/44.0" 49078
83.170.125.86 - - [04/Jun/2023:02:11:32 -0300] "GET /?author=102 HTTP/1.1" 404 23956 "-" "Mozilla/5.0 (Windows NT 10.0; Win64; x64; rv:60.0) Gecko/20100101 Firefox/60.0" 46204
161.35.227.188 - - [04/Jun/2023:02:11:32 -0300] "GET /?author=96 HTTP/1.1" 404 23956 "-" "Mozilla/5.0 (Windows NT 6.1; WOW64; rv:44.0) Gecko/20100101 Firefox/44.0" 49090
83.170.125.86 - - [04/Jun/2023:02:11:33 -0300] "GET /?author=103 HTTP/1.1" 404 23956 "-" "Mozilla/5.0 (Windows NT 10.0; Win64; x64; rv:60.0) Gecko/20100101 Firefox/60.0" 46218
161.35.227.188 - - [04/Jun/2023:02:11:33 -0300] "GET /?author=97 HTTP/1.1" 404 23956 "-" "Mozilla/5.0 (Windows NT 6.1; WOW64; rv:44.0) Gecko/20100101 Firefox/44.0" 49092
161.35.227.188 - - [04/Jun/2023:02:11:34 -0300] "GET /?author=98 HTTP/1.1" 404 23956 "-" "Mozilla/5.0 (Windows NT 6.1; WOW64; rv:44.0) Gecko/20100101 Firefox/44.0" 49100
83.170.125.86 - - [04/Jun/2023:02:11:34 -0300] "GET /?author=104 HTTP/1.1" 404 23956 "-" "Mozilla/5.0 (Windows NT 10.0; Win64; x64; rv:60.0) Gecko/20100101 Firefox/60.0" 42100
161.35.227.188 - - [04/Jun/2023:02:11:35 -0300] "GET /?author=99 HTTP/1.1" 404 23956 "-" "Mozilla/5.0 (Windows NT 6.1; WOW64; rv:44.0) Gecko/20100101 Firefox/44.0" 49106
161.35.227.188 - - [04/Jun/2023:02:11:36 -0300] "GET /?author=100 HTTP/1.1" 404 23956 "-" "Mozilla/5.0 (Windows NT 6.1; WOW64; rv:44.0) Gecko/20100101 Firefox/44.0" 49116
83.170.125.86 - - [04/Jun/2023:02:11:36 -0300] "GET /?author=105 HTTP/1.1" 404 23956 "-" "Mozilla/5.0 (Windows NT 10.0; Win64; x64; rv:60.0) Gecko/20100101 Firefox/60.0" 42116
83.170.125.86 - - [04/Jun/2023:02:11:37 -0300] "GET /?author=106 HTTP/1.1" 404 23956 "-" "Mozilla/5.0 (Windows NT 10.0; Win64; x64; rv:60.0) Gecko/20100101 Firefox/60.0" 42118
83.170.125.86 - - [04/Jun/2023:02:11:38 -0300] "GET /?author=107 HTTP/1.1" 404 23956 "-" "Mozilla/5.0 (Windows NT 10.0; Win64; x64; rv:60.0) Gecko/20100101 Firefox/60.0" 42122
162.214.100.65 - - [04/Jun/2023:02:11:39 -0300] "GET /?author=71 HTTP/1.1" 404 23956 "-" "Mozilla/5.0 (Windows NT 10.0; Win64; x64) AppleWebKit/537.36 (KHTML, like Gecko) Chrome/89.0.4389.90 Safari/537.36" 48602
83.170.125.86 - - [04/Jun/2023:02:11:39 -0300] "GET /?author=108 HTTP/1.1" 404 23956 "-" "Mozilla/5.0 (Windows NT 10.0; Win64; x64; rv:60.0) Gecko/20100101 Firefox/60.0" 42128
162.214.100.65 - - [04/Jun/2023:02:11:40 -0300] "GET /?author=71 HTTP/1.1" 404 23956 "-" "Mozilla/5.0 (Windows NT 10.0; Win64; x64) AppleWebKit/537.36 (KHTML, like Gecko) Chrome/89.0.4389.90 Safari/537.36" 48608
83.170.125.86 - - [04/Jun/2023:02:11:40 -0300] "GET /?author=109 HTTP/1.1" 404 23956 "-" "Mozilla/5.0 (Windows NT 10.0; Win64; x64; rv:60.0) Gecko/20100101 Firefox/60.0" 42140
162.214.100.65 - - [04/Jun/2023:02:11:41 -0300] "GET /?author=72 HTTP/1.1" 404 23956 "-" "Mozilla/5.0 (Windows NT 10.0; Win64; x64) AppleWebKit/537.36 (KHTML, like Gecko) Chrome/89.0.4389.90 Safari/537.36" 48616
83.170.125.86 - - [04/Jun/2023:02:11:41 -0300] "GET /?author=110 HTTP/1.1" 404 23956 "-" "Mozilla/5.0 (Windows NT 10.0; Win64; x64; rv:60.0) Gecko/20100101 Firefox/60.0" 42150
162.214.100.65 - - [04/Jun/2023:02:11:42 -0300] "GET /?author=73 HTTP/1.1" 404 23956 "-" "Mozilla/5.0 (Windows NT 10.0; Win64; x64) AppleWebKit/537.36 (KHTML, like Gecko) Chrome/89.0.4389.90 Safari/537.36" 48618
162.214.100.65 - - [04/Jun/2023:02:11:42 -0300] "GET /?author=74 HTTP/1.1" 404 23956 "-" "Mozilla/5.0 (Windows NT 10.0; Win64; x64) AppleWebKit/537.36 (KHTML, like Gecko) Chrome/89.0.4389.90 Safari/537.36" 48624
162.214.100.65 - - [04/Jun/2023:02:11:43 -0300] "GET /?author=75 HTTP/1.1" 404 23956 "-" "Mozilla/5.0 (Windows NT 10.0; Win64; x64) AppleWebKit/537.36 (KHTML, like Gecko) Chrome/89.0.4389.90 Safari/537.36" 48630
162.214.100.65 - - [04/Jun/2023:02:11:44 -0300] "GET /?author=76 HTTP/1.1" 404 23956 "-" "Mozilla/5.0 (Windows NT 10.0; Win64; x64) AppleWebKit/537.36 (KHTML, like Gecko) Chrome/89.0.4389.90 Safari/537.36" 48632
162.214.100.65 - - [04/Jun/2023:02:11:45 -0300] "GET /?author=77 HTTP/1.1" 404 23956 "-" "Mozilla/5.0 (Windows NT 10.0; Win64; x64) AppleWebKit/537.36 (KHTML, like Gecko) Chrome/89.0.4389.90 Safari/537.36" 48638
162.214.100.65 - - [04/Jun/2023:02:11:46 -0300] "GET /?author=78 HTTP/1.1" 404 23956 "-" "Mozilla/5.0 (Windows NT 10.0; Win64; x64) AppleWebKit/537.36 (KHTML, like Gecko) Chrome/89.0.4389.90 Safari/537.36" 48640
162.214.100.65 - - [04/Jun/2023:02:11:47 -0300] "GET /?author=79 HTTP/1.1" 404 23956 "-" "Mozilla/5.0 (Windows NT 10.0; Win64; x64) AppleWebKit/537.36 (KHTML, like Gecko) Chrome/89.0.4389.90 Safari/537.36" 48648
162.214.100.65 - - [04/Jun/2023:02:11:47 -0300] "GET /?author=80 HTTP/1.1" 404 23956 "-" "Mozilla/5.0 (Windows NT 10.0; Win64; x64) AppleWebKit/537.36 (KHTML, like Gecko) Chrome/89.0.4389.90 Safari/537.36" 48658
68.178.224.109 - - [04/Jun/2023:02:11:53 -0300] "GET /?author=121 HTTP/1.1" 404 23956 "-" "Mozilla/5.0 (Linux; Android 10; SM-A102U) AppleWebKit/537.36 (KHTML, like Gecko) Chrome/91.0.4472.114 Mobile Safari/537.36" 19443
68.178.224.109 - - [04/Jun/2023:02:11:54 -0300] "GET /?author=121 HTTP/1.1" 404 23956 "-" "Mozilla/5.0 (Linux; Android 10; SM-A102U) AppleWebKit/537.36 (KHTML, like Gecko) Chrome/91.0.4472.114 Mobile Safari/537.36" 19543
68.178.224.109 - - [04/Jun/2023:02:11:55 -0300] "GET /?author=122 HTTP/1.1" 404 23956 "-" "Mozilla/5.0 (Linux; Android 10; SM-A102U) AppleWebKit/537.36 (KHTML, like Gecko) Chrome/91.0.4472.114 Mobile Safari/537.36" 19615
188.166.187.50 - - [04/Jun/2023:02:11:55 -0300] "GET /?author=131 HTTP/1.1" 404 23956 "-" "Mozilla/5.0 (Windows NT 10.0; Win64; x64) AppleWebKit/537.36 (KHTML, like Gecko) Chrome/81.0.4044.138 Safari/537.36" 34032
68.178.224.109 - - [04/Jun/2023:02:11:56 -0300] "GET /?author=123 HTTP/1.1" 404 23956 "-" "Mozilla/5.0 (Linux; Android 10; SM-A102U) AppleWebKit/537.36 (KHTML, like Gecko) Chrome/91.0.4472.114 Mobile Safari/537.36" 19691
188.166.187.50 - - [04/Jun/2023:02:11:57 -0300] "GET /?author=131 HTTP/1.1" 404 23956 "-" "Mozilla/5.0 (Windows NT 10.0; Win64; x64) AppleWebKit/537.36 (KHTML, like Gecko) Chrome/81.0.4044.138 Safari/537.36" 34042
68.178.224.109 - - [04/Jun/2023:02:11:57 -0300] "GET /?author=124 HTTP/1.1" 404 23956 "-" "Mozilla/5.0 (Linux; Android 10; SM-A102U) AppleWebKit/537.36 (KHTML, like Gecko) Chrome/91.0.4472.114 Mobile Safari/537.36" 19745
188.166.187.50 - - [04/Jun/2023:02:11:58 -0300] "GET /?author=132 HTTP/1.1" 404 23956 "-" "Mozilla/5.0 (Windows NT 10.0; Win64; x64) AppleWebKit/537.36 (KHTML, like Gecko) Chrome/81.0.4044.138 Safari/537.36" 35170
68.178.224.109 - - [04/Jun/2023:02:11:58 -0300] "GET /?author=125 HTTP/1.1" 404 23956 "-" "Mozilla/5.0 (Linux; Android 10; SM-A102U) AppleWebKit/537.36 (KHTML, like Gecko) Chrome/91.0.4472.114 Mobile Safari/537.36" 19805
188.166.187.50 - - [04/Jun/2023:02:11:59 -0300] "GET /?author=133 HTTP/1.1" 404 23956 "-" "Mozilla/5.0 (Windows NT 10.0; Win64; x64) AppleWebKit/537.36 (KHTML, like Gecko) Chrome/81.0.4044.138 Safari/537.36" 35178
68.178.224.109 - - [04/Jun/2023:02:11:59 -0300] "GET /?author=126 HTTP/1.1" 404 23956 "-" "Mozilla/5.0 (Linux; Android 10; SM-A102U) AppleWebKit/537.36 (KHTML, like Gecko) Chrome/91.0.4472.114 Mobile Safari/537.36" 19881
68.178.224.109 - - [04/Jun/2023:02:12:01 -0300] "GET /?author=127 HTTP/1.1" 404 23956 "-" "Mozilla/5.0 (Linux; Android 10; SM-A102U) AppleWebKit/537.36 (KHTML, like Gecko) Chrome/91.0.4472.114 Mobile Safari/537.36" 19947
188.166.187.50 - - [04/Jun/2023:02:12:01 -0300] "GET /?author=134 HTTP/1.1" 404 23956 "-" "Mozilla/5.0 (Windows NT 10.0; Win64; x64) AppleWebKit/537.36 (KHTML, like Gecko) Chrome/81.0.4044.138 Safari/537.36" 35180
68.178.224.109 - - [04/Jun/2023:02:12:02 -0300] "GET /?author=128 HTTP/1.1" 404 23956 "-" "Mozilla/5.0 (Linux; Android 10; SM-A102U) AppleWebKit/537.36 (KHTML, like Gecko) Chrome/91.0.4472.114 Mobile Safari/537.36" 20003
188.166.187.50 - - [04/Jun/2023:02:12:02 -0300] "GET /?author=135 HTTP/1.1" 404 23956 "-" "Mozilla/5.0 (Windows NT 10.0; Win64; x64) AppleWebKit/537.36 (KHTML, like Gecko) Chrome/81.0.4044.138 Safari/537.36" 35182
68.178.224.109 - - [04/Jun/2023:02:12:03 -0300] "GET /?author=129 HTTP/1.1" 404 23956 "-" "Mozilla/5.0 (Linux; Android 10; SM-A102U) AppleWebKit/537.36 (KHTML, like Gecko) Chrome/91.0.4472.114 Mobile Safari/537.36" 20067
188.166.187.50 - - [04/Jun/2023:02:12:03 -0300] "GET /?author=136 HTTP/1.1" 404 23956 "-" "Mozilla/5.0 (Windows NT 10.0; Win64; x64) AppleWebKit/537.36 (KHTML, like Gecko) Chrome/81.0.4044.138 Safari/537.36" 35198
68.178.224.109 - - [04/Jun/2023:02:12:04 -0300] "GET /?author=130 HTTP/1.1" 404 23956 "-" "Mozilla/5.0 (Linux; Android 10; SM-A102U) AppleWebKit/537.36 (KHTML, like Gecko) Chrome/91.0.4472.114 Mobile Safari/537.36" 20139
188.166.187.50 - - [04/Jun/2023:02:12:04 -0300] "GET /?author=137 HTTP/1.1" 404 23956 "-" "Mozilla/5.0 (Windows NT 10.0; Win64; x64) AppleWebKit/537.36 (KHTML, like Gecko) Chrome/81.0.4044.138 Safari/537.36" 35208
188.166.187.50 - - [04/Jun/2023:02:12:06 -0300] "GET /?author=138 HTTP/1.1" 404 23956 "-" "Mozilla/5.0 (Windows NT 10.0; Win64; x64) AppleWebKit/537.36 (KHTML, like Gecko) Chrome/81.0.4044.138 Safari/537.36" 35210
188.166.187.50 - - [04/Jun/2023:02:12:07 -0300] "GET /?author=139 HTTP/1.1" 404 23956 "-" "Mozilla/5.0 (Windows NT 10.0; Win64; x64) AppleWebKit/537.36 (KHTML, like Gecko) Chrome/81.0.4044.138 Safari/537.36" 35214
188.166.187.50 - - [04/Jun/2023:02:12:08 -0300] "GET /?author=140 HTTP/1.1" 404 23956 "-" "Mozilla/5.0 (Windows NT 10.0; Win64; x64) AppleWebKit/537.36 (KHTML, like Gecko) Chrome/81.0.4044.138 Safari/537.36" 46910
193.106.249.148 - - [04/Jun/2023:02:12:21 -0300] "GET /?author=151 HTTP/1.1" 404 23956 "-" "Mozilla/5.0 (Windows NT 10.0; Win64; x64) AppleWebKit/537.36 (KHTML, like Gecko) Chrome/87.0.4280.88 Safari/537.36" 36842
193.106.249.148 - - [04/Jun/2023:02:12:22 -0300] "GET /?author=151 HTTP/1.1" 404 23956 "-" "Mozilla/5.0 (Windows NT 10.0; Win64; x64) AppleWebKit/537.36 (KHTML, like Gecko) Chrome/87.0.4280.88 Safari/537.36" 36858
193.106.249.148 - - [04/Jun/2023:02:12:23 -0300] "GET /?author=152 HTTP/1.1" 404 23956 "-" "Mozilla/5.0 (Windows NT 10.0; Win64; x64) AppleWebKit/537.36 (KHTML, like Gecko) Chrome/87.0.4280.88 Safari/537.36" 36874
193.106.249.148 - - [04/Jun/2023:02:12:24 -0300] "GET /?author=153 HTTP/1.1" 404 23956 "-" "Mozilla/5.0 (Windows NT 10.0; Win64; x64) AppleWebKit/537.36 (KHTML, like Gecko) Chrome/87.0.4280.88 Safari/537.36" 36882
193.106.249.148 - - [04/Jun/2023:02:12:25 -0300] "GET /?author=154 HTTP/1.1" 404 23956 "-" "Mozilla/5.0 (Windows NT 10.0; Win64; x64) AppleWebKit/537.36 (KHTML, like Gecko) Chrome/87.0.4280.88 Safari/537.36" 36896
193.106.249.148 - - [04/Jun/2023:02:12:26 -0300] "GET /?author=155 HTTP/1.1" 404 23956 "-" "Mozilla/5.0 (Windows NT 10.0; Win64; x64) AppleWebKit/537.36 (KHTML, like Gecko) Chrome/87.0.4280.88 Safari/537.36" 36910
193.106.249.148 - - [04/Jun/2023:02:12:26 -0300] "GET /?author=156 HTTP/1.1" 404 23956 "-" "Mozilla/5.0 (Windows NT 10.0; Win64; x64) AppleWebKit/537.36 (KHTML, like Gecko) Chrome/87.0.4280.88 Safari/537.36" 36926
193.106.249.148 - - [04/Jun/2023:02:12:27 -0300] "GET /?author=157 HTTP/1.1" 404 23956 "-" "Mozilla/5.0 (Windows NT 10.0; Win64; x64) AppleWebKit/537.36 (KHTML, like Gecko) Chrome/87.0.4280.88 Safari/537.36" 36930
193.106.249.148 - - [04/Jun/2023:02:12:28 -0300] "GET /?author=158 HTTP/1.1" 404 23956 "-" "Mozilla/5.0 (Windows NT 10.0; Win64; x64) AppleWebKit/537.36 (KHTML, like Gecko) Chrome/87.0.4280.88 Safari/537.36" 36938
193.106.249.148 - - [04/Jun/2023:02:12:29 -0300] "GET /?author=159 HTTP/1.1" 404 23956 "-" "Mozilla/5.0 (Windows NT 10.0; Win64; x64) AppleWebKit/537.36 (KHTML, like Gecko) Chrome/87.0.4280.88 Safari/537.36" 36942
193.106.249.148 - - [04/Jun/2023:02:12:30 -0300] "GET /?author=160 HTTP/1.1" 404 23956 "-" "Mozilla/5.0 (Windows NT 10.0; Win64; x64) AppleWebKit/537.36 (KHTML, like Gecko) Chrome/87.0.4280.88 Safari/537.36" 38858
79.139.59.17 - - [04/Jun/2023:02:12:37 -0300] "GET /?author=111 HTTP/1.1" 404 23956 "-" "Mozilla/5.0 (Windows NT 6.1; WOW64; rv:45.0) Gecko/20100101 Firefox/45.0" 39152
79.139.59.17 - - [04/Jun/2023:02:12:38 -0300] "GET /?author=111 HTTP/1.1" 404 23956 "-" "Mozilla/5.0 (Windows NT 6.1; WOW64; rv:45.0) Gecko/20100101 Firefox/45.0" 39194
79.139.59.17 - - [04/Jun/2023:02:12:39 -0300] "GET /?author=112 HTTP/1.1" 404 23956 "-" "Mozilla/5.0 (Windows NT 6.1; WOW64; rv:45.0) Gecko/20100101 Firefox/45.0" 39232
79.139.59.17 - - [04/Jun/2023:02:12:39 -0300] "GET /?author=113 HTTP/1.1" 404 23956 "-" "Mozilla/5.0 (Windows NT 6.1; WOW64; rv:45.0) Gecko/20100101 Firefox/45.0" 39274
79.139.59.17 - - [04/Jun/2023:02:12:41 -0300] "GET /?author=114 HTTP/1.1" 404 23956 "-" "Mozilla/5.0 (Windows NT 6.1; WOW64; rv:45.0) Gecko/20100101 Firefox/45.0" 39446
190.104.235.180 - - [04/Jun/2023:02:12:41 -0300] "GET /?author=161 HTTP/1.1" 404 23956 "-" "Mozilla/5.0 (Windows NT 5.1; rv:30.0) Gecko/20100101 Firefox/30.0" 56000
79.139.59.17 - - [04/Jun/2023:02:12:41 -0300] "GET /?author=115 HTTP/1.1" 404 23956 "-" "Mozilla/5.0 (Windows NT 6.1; WOW64; rv:45.0) Gecko/20100101 Firefox/45.0" 39528
190.104.235.180 - - [04/Jun/2023:02:12:42 -0300] "GET /?author=161 HTTP/1.1" 404 23956 "-" "Mozilla/5.0 (Windows NT 5.1; rv:30.0) Gecko/20100101 Firefox/30.0" 56012
190.104.235.180 - - [04/Jun/2023:02:12:42 -0300] "GET /?author=162 HTTP/1.1" 404 23956 "-" "Mozilla/5.0 (Windows NT 5.1; rv:30.0) Gecko/20100101 Firefox/30.0" 56028
79.139.59.17 - - [04/Jun/2023:02:12:42 -0300] "GET /?author=116 HTTP/1.1" 404 23956 "-" "Mozilla/5.0 (Windows NT 6.1; WOW64; rv:45.0) Gecko/20100101 Firefox/45.0" 39566
190.104.235.180 - - [04/Jun/2023:02:12:43 -0300] "GET /?author=163 HTTP/1.1" 404 23956 "-" "Mozilla/5.0 (Windows NT 5.1; rv:30.0) Gecko/20100101 Firefox/30.0" 56040
190.104.235.180 - - [04/Jun/2023:02:12:43 -0300] "GET /?author=164 HTTP/1.1" 404 23956 "-" "Mozilla/5.0 (Windows NT 5.1; rv:30.0) Gecko/20100101 Firefox/30.0" 56052
79.139.59.17 - - [04/Jun/2023:02:12:43 -0300] "GET /?author=117 HTTP/1.1" 404 23956 "-" "Mozilla/5.0 (Windows NT 6.1; WOW64; rv:45.0) Gecko/20100101 Firefox/45.0" 39626
190.104.235.180 - - [04/Jun/2023:02:12:44 -0300] "GET /?author=165 HTTP/1.1" 404 23956 "-" "Mozilla/5.0 (Windows NT 5.1; rv:30.0) Gecko/20100101 Firefox/30.0" 58292
79.139.59.17 - - [04/Jun/2023:02:12:44 -0300] "GET /?author=118 HTTP/1.1" 404 23956 "-" "Mozilla/5.0 (Windows NT 6.1; WOW64; rv:45.0) Gecko/20100101 Firefox/45.0" 39682
190.104.235.180 - - [04/Jun/2023:02:12:44 -0300] "GET /?author=166 HTTP/1.1" 404 23956 "-" "Mozilla/5.0 (Windows NT 5.1; rv:30.0) Gecko/20100101 Firefox/30.0" 58306
190.104.235.180 - - [04/Jun/2023:02:12:45 -0300] "GET /?author=167 HTTP/1.1" 404 23956 "-" "Mozilla/5.0 (Windows NT 5.1; rv:30.0) Gecko/20100101 Firefox/30.0" 58318
79.139.59.17 - - [04/Jun/2023:02:12:45 -0300] "GET /?author=119 HTTP/1.1" 404 23956 "-" "Mozilla/5.0 (Windows NT 6.1; WOW64; rv:45.0) Gecko/20100101 Firefox/45.0" 39736
190.104.235.180 - - [04/Jun/2023:02:12:45 -0300] "GET /?author=168 HTTP/1.1" 404 23956 "-" "Mozilla/5.0 (Windows NT 5.1; rv:30.0) Gecko/20100101 Firefox/30.0" 58320
190.104.235.180 - - [04/Jun/2023:02:12:46 -0300] "GET /?author=169 HTTP/1.1" 404 23956 "-" "Mozilla/5.0 (Windows NT 5.1; rv:30.0) Gecko/20100101 Firefox/30.0" 58328
79.139.59.17 - - [04/Jun/2023:02:12:46 -0300] "GET /?author=120 HTTP/1.1" 404 23956 "-" "Mozilla/5.0 (Windows NT 6.1; WOW64; rv:45.0) Gecko/20100101 Firefox/45.0" 39794
190.104.235.180 - - [04/Jun/2023:02:12:46 -0300] "GET /?author=170 HTTP/1.1" 404 23956 "-" "Mozilla/5.0 (Windows NT 5.1; rv:30.0) Gecko/20100101 Firefox/30.0" 58330
161.97.86.172 - - [04/Jun/2023:02:13:06 -0300] "GET /?author=141 HTTP/1.1" 404 23956 "-" "Mozilla/5.0 (Windows NT 6.1; Win64; x64; rv:25.0) Gecko/20100101 Firefox/29.0" 42984
161.97.86.172 - - [04/Jun/2023:02:13:07 -0300] "GET /?author=141 HTTP/1.1" 404 23956 "-" "Mozilla/5.0 (Windows NT 6.1; Win64; x64; rv:25.0) Gecko/20100101 Firefox/29.0" 43080
161.97.86.172 - - [04/Jun/2023:02:13:08 -0300] "GET /?author=142 HTTP/1.1" 404 23956 "-" "Mozilla/5.0 (Windows NT 6.1; Win64; x64; rv:25.0) Gecko/20100101 Firefox/29.0" 43154
161.97.86.172 - - [04/Jun/2023:02:13:08 -0300] "GET /?author=143 HTTP/1.1" 404 23956 "-" "Mozilla/5.0 (Windows NT 6.1; Win64; x64; rv:25.0) Gecko/20100101 Firefox/29.0" 43234
161.97.86.172 - - [04/Jun/2023:02:13:09 -0300] "GET /?author=144 HTTP/1.1" 404 23956 "-" "Mozilla/5.0 (Windows NT 6.1; Win64; x64; rv:25.0) Gecko/20100101 Firefox/29.0" 43284
161.97.86.172 - - [04/Jun/2023:02:13:10 -0300] "GET /?author=145 HTTP/1.1" 404 23956 "-" "Mozilla/5.0 (Windows NT 6.1; Win64; x64; rv:25.0) Gecko/20100101 Firefox/29.0" 43348
161.97.86.172 - - [04/Jun/2023:02:13:11 -0300] "GET /?author=146 HTTP/1.1" 404 23956 "-" "Mozilla/5.0 (Windows NT 6.1; Win64; x64; rv:25.0) Gecko/20100101 Firefox/29.0" 43414
161.97.86.172 - - [04/Jun/2023:02:13:12 -0300] "GET /?author=147 HTTP/1.1" 404 23956 "-" "Mozilla/5.0 (Windows NT 6.1; Win64; x64; rv:25.0) Gecko/20100101 Firefox/29.0" 43496
161.97.86.172 - - [04/Jun/2023:02:13:13 -0300] "GET /?author=148 HTTP/1.1" 404 23956 "-" "Mozilla/5.0 (Windows NT 6.1; Win64; x64; rv:25.0) Gecko/20100101 Firefox/29.0" 43600
161.97.86.172 - - [04/Jun/2023:02:13:14 -0300] "GET /?author=149 HTTP/1.1" 404 23956 "-" "Mozilla/5.0 (Windows NT 6.1; Win64; x64; rv:25.0) Gecko/20100101 Firefox/29.0" 43666
161.97.86.172 - - [04/Jun/2023:02:13:15 -0300] "GET /?author=150 HTTP/1.1" 404 23956 "-" "Mozilla/5.0 (Windows NT 6.1; Win64; x64; rv:25.0) Gecko/20100101 Firefox/29.0" 43738
161.35.227.188 - - [04/Jun/2023:02:13:30 -0300] "GET /?author=201 HTTP/1.1" 404 23956 "-" "Mozilla/5.0 (iPad; CPU OS 14_6 like Mac OS X) AppleWebKit/605.1.15 (KHTML, like Gecko) CriOS/91.0.4472.80 Mobile/15E148 Safari/604.1" 38420
161.35.227.188 - - [04/Jun/2023:02:13:31 -0300] "GET /?author=201 HTTP/1.1" 404 23956 "-" "Mozilla/5.0 (iPad; CPU OS 14_6 like Mac OS X) AppleWebKit/605.1.15 (KHTML, like Gecko) CriOS/91.0.4472.80 Mobile/15E148 Safari/604.1" 38426
178.238.228.40 - - [04/Jun/2023:02:13:31 -0300] "GET /?author=191 HTTP/1.1" 404 23956 "-" "Mozilla/5.0 (Windows NT 10.0; Win64; x64) AppleWebKit/537.36 (KHTML, like Gecko) Chrome/69.0.3497.100 Safari/537.36" 34148
161.35.227.188 - - [04/Jun/2023:02:13:32 -0300] "GET /?author=202 HTTP/1.1" 404 23956 "-" "Mozilla/5.0 (iPad; CPU OS 14_6 like Mac OS X) AppleWebKit/605.1.15 (KHTML, like Gecko) CriOS/91.0.4472.80 Mobile/15E148 Safari/604.1" 38432
161.35.227.188 - - [04/Jun/2023:02:13:33 -0300] "GET /?author=203 HTTP/1.1" 404 23956 "-" "Mozilla/5.0 (iPad; CPU OS 14_6 like Mac OS X) AppleWebKit/605.1.15 (KHTML, like Gecko) CriOS/91.0.4472.80 Mobile/15E148 Safari/604.1" 38436
161.35.227.188 - - [04/Jun/2023:02:13:34 -0300] "GET /?author=204 HTTP/1.1" 404 23956 "-" "Mozilla/5.0 (iPad; CPU OS 14_6 like Mac OS X) AppleWebKit/605.1.15 (KHTML, like Gecko) CriOS/91.0.4472.80 Mobile/15E148 Safari/604.1" 38442
81.169.144.135 - - [04/Jun/2023:02:13:34 -0300] "GET /?author=181 HTTP/1.1" 404 23956 "-" "Mozilla/5.0 (Windows NT 6.1; rv:52.0) Gecko/20100101 Firefox/52.0" 43054
161.35.227.188 - - [04/Jun/2023:02:13:34 -0300] "GET /?author=205 HTTP/1.1" 404 23956 "-" "Mozilla/5.0 (iPad; CPU OS 14_6 like Mac OS X) AppleWebKit/605.1.15 (KHTML, like Gecko) CriOS/91.0.4472.80 Mobile/15E148 Safari/604.1" 38448
161.35.227.188 - - [04/Jun/2023:02:13:35 -0300] "GET /?author=206 HTTP/1.1" 404 23956 "-" "Mozilla/5.0 (iPad; CPU OS 14_6 like Mac OS X) AppleWebKit/605.1.15 (KHTML, like Gecko) CriOS/91.0.4472.80 Mobile/15E148 Safari/604.1" 38460
81.169.144.135 - - [04/Jun/2023:02:13:36 -0300] "GET /?author=181 HTTP/1.1" 404 23956 "-" "Mozilla/5.0 (Windows NT 6.1; rv:52.0) Gecko/20100101 Firefox/52.0" 43170
161.35.227.188 - - [04/Jun/2023:02:13:36 -0300] "GET /?author=207 HTTP/1.1" 404 23956 "-" "Mozilla/5.0 (iPad; CPU OS 14_6 like Mac OS X) AppleWebKit/605.1.15 (KHTML, like Gecko) CriOS/91.0.4472.80 Mobile/15E148 Safari/604.1" 38464
178.238.228.40 - - [04/Jun/2023:02:13:36 -0300] "GET /?author=191 HTTP/1.1" 404 23956 "-" "Mozilla/5.0 (Windows NT 10.0; Win64; x64) AppleWebKit/537.36 (KHTML, like Gecko) Chrome/69.0.3497.100 Safari/537.36" 34154
161.35.227.188 - - [04/Jun/2023:02:13:37 -0300] "GET /?author=208 HTTP/1.1" 404 23956 "-" "Mozilla/5.0 (iPad; CPU OS 14_6 like Mac OS X) AppleWebKit/605.1.15 (KHTML, like Gecko) CriOS/91.0.4472.80 Mobile/15E148 Safari/604.1" 38476
81.169.144.135 - - [04/Jun/2023:02:13:37 -0300] "GET /?author=182 HTTP/1.1" 404 23956 "-" "Mozilla/5.0 (Windows NT 6.1; rv:52.0) Gecko/20100101 Firefox/52.0" 43242
161.35.227.188 - - [04/Jun/2023:02:13:38 -0300] "GET /?author=209 HTTP/1.1" 404 23956 "-" "Mozilla/5.0 (iPad; CPU OS 14_6 like Mac OS X) AppleWebKit/605.1.15 (KHTML, like Gecko) CriOS/91.0.4472.80 Mobile/15E148 Safari/604.1" 38492
178.238.228.40 - - [04/Jun/2023:02:13:38 -0300] "GET /?author=192 HTTP/1.1" 404 23956 "-" "Mozilla/5.0 (Windows NT 10.0; Win64; x64) AppleWebKit/537.36 (KHTML, like Gecko) Chrome/69.0.3497.100 Safari/537.36" 34158
161.35.227.188 - - [04/Jun/2023:02:13:38 -0300] "GET /?author=210 HTTP/1.1" 404 23956 "-" "Mozilla/5.0 (iPad; CPU OS 14_6 like Mac OS X) AppleWebKit/605.1.15 (KHTML, like Gecko) CriOS/91.0.4472.80 Mobile/15E148 Safari/604.1" 38494
81.169.144.135 - - [04/Jun/2023:02:13:38 -0300] "GET /?author=183 HTTP/1.1" 404 23956 "-" "Mozilla/5.0 (Windows NT 6.1; rv:52.0) Gecko/20100101 Firefox/52.0" 43336
178.238.228.40 - - [04/Jun/2023:02:13:39 -0300] "GET /?author=193 HTTP/1.1" 404 23956 "-" "Mozilla/5.0 (Windows NT 10.0; Win64; x64) AppleWebKit/537.36 (KHTML, like Gecko) Chrome/69.0.3497.100 Safari/537.36" 34528
81.169.144.135 - - [04/Jun/2023:02:13:40 -0300] "GET /?author=184 HTTP/1.1" 404 23956 "-" "Mozilla/5.0 (Windows NT 6.1; rv:52.0) Gecko/20100101 Firefox/52.0" 43420
178.238.228.40 - - [04/Jun/2023:02:13:41 -0300] "GET /?author=194 HTTP/1.1" 404 23956 "-" "Mozilla/5.0 (Windows NT 10.0; Win64; x64) AppleWebKit/537.36 (KHTML, like Gecko) Chrome/69.0.3497.100 Safari/537.36" 34536
178.238.228.40 - - [04/Jun/2023:02:13:42 -0300] "GET /?author=195 HTTP/1.1" 404 23956 "-" "Mozilla/5.0 (Windows NT 10.0; Win64; x64) AppleWebKit/537.36 (KHTML, like Gecko) Chrome/69.0.3497.100 Safari/537.36" 34538
81.169.144.135 - - [04/Jun/2023:02:13:42 -0300] "GET /?author=185 HTTP/1.1" 404 23956 "-" "Mozilla/5.0 (Windows NT 6.1; rv:52.0) Gecko/20100101 Firefox/52.0" 43570
178.238.228.40 - - [04/Jun/2023:02:13:42 -0300] "GET /?author=196 HTTP/1.1" 404 23956 "-" "Mozilla/5.0 (Windows NT 10.0; Win64; x64) AppleWebKit/537.36 (KHTML, like Gecko) Chrome/69.0.3497.100 Safari/537.36" 34546
81.169.144.135 - - [04/Jun/2023:02:13:43 -0300] "GET /?author=186 HTTP/1.1" 404 23956 "-" "Mozilla/5.0 (Windows NT 6.1; rv:52.0) Gecko/20100101 Firefox/52.0" 43664
178.238.228.40 - - [04/Jun/2023:02:13:43 -0300] "GET /?author=197 HTTP/1.1" 404 23956 "-" "Mozilla/5.0 (Windows NT 10.0; Win64; x64) AppleWebKit/537.36 (KHTML, like Gecko) Chrome/69.0.3497.100 Safari/537.36" 34562
178.238.228.40 - - [04/Jun/2023:02:13:44 -0300] "GET /?author=198 HTTP/1.1" 404 23956 "-" "Mozilla/5.0 (Windows NT 10.0; Win64; x64) AppleWebKit/537.36 (KHTML, like Gecko) Chrome/69.0.3497.100 Safari/537.36" 34578
81.169.144.135 - - [04/Jun/2023:02:13:45 -0300] "GET /?author=187 HTTP/1.1" 404 23956 "-" "Mozilla/5.0 (Windows NT 6.1; rv:52.0) Gecko/20100101 Firefox/52.0" 43746
178.238.228.40 - - [04/Jun/2023:02:13:45 -0300] "GET /?author=199 HTTP/1.1" 404 23956 "-" "Mozilla/5.0 (Windows NT 10.0; Win64; x64) AppleWebKit/537.36 (KHTML, like Gecko) Chrome/69.0.3497.100 Safari/537.36" 34592
81.169.144.135 - - [04/Jun/2023:02:13:46 -0300] "GET /?author=188 HTTP/1.1" 404 23956 "-" "Mozilla/5.0 (Windows NT 6.1; rv:52.0) Gecko/20100101 Firefox/52.0" 43836
178.238.228.40 - - [04/Jun/2023:02:13:47 -0300] "GET /?author=200 HTTP/1.1" 404 23956 "-" "Mozilla/5.0 (Windows NT 10.0; Win64; x64) AppleWebKit/537.36 (KHTML, like Gecko) Chrome/69.0.3497.100 Safari/537.36" 34604
81.169.144.135 - - [04/Jun/2023:02:13:47 -0300] "GET /?author=189 HTTP/1.1" 404 23956 "-" "Mozilla/5.0 (Windows NT 6.1; rv:52.0) Gecko/20100101 Firefox/52.0" 43964
81.169.144.135 - - [04/Jun/2023:02:13:49 -0300] "GET /?author=190 HTTP/1.1" 404 23956 "-" "Mozilla/5.0 (Windows NT 6.1; rv:52.0) Gecko/20100101 Firefox/52.0" 44044
152.70.166.167 - - [04/Jun/2023:02:14:08 -0300] "GET /?author=231 HTTP/1.1" 404 23956 "-" "Mozilla/5.0 (Windows NT 10.0; WOW64) AppleWebKit/537.36 (KHTML, like Gecko) Chrome/91.0.4472.114 Safari/537.36" 55774
152.70.166.167 - - [04/Jun/2023:02:14:09 -0300] "GET /?author=231 HTTP/1.1" 404 23956 "-" "Mozilla/5.0 (Windows NT 10.0; WOW64) AppleWebKit/537.36 (KHTML, like Gecko) Chrome/91.0.4472.114 Safari/537.36" 55786
152.70.166.167 - - [04/Jun/2023:02:14:10 -0300] "GET /?author=232 HTTP/1.1" 404 23956 "-" "Mozilla/5.0 (Windows NT 10.0; WOW64) AppleWebKit/537.36 (KHTML, like Gecko) Chrome/91.0.4472.114 Safari/537.36" 55796
